2024-01-15 08:01:23 LOGIN_SUCCESS admin 192.168.1.10
2024-01-15 08:02:11 LOGIN_FAILED admin 203.0.113.45
2024-01-15 08:02:15 LOGIN_FAILED admin 203.0.113.45
2024-01-15 08:02:18 LOGIN_FAILED admin 203.0.113.45
2024-01-15 08:02:21 LOGIN_FAILED root 203.0.113.45
2024-01-15 08:02:24 LOGIN_FAILED root 203.0.113.45
2024-01-15 08:02:27 LOGIN_FAILED root 203.0.113.45
2024-01-15 08:02:30 LOGIN_FAILED root 203.0.113.45
2024-01-15 08:03:00 LOGIN_SUCCESS user1 192.168.1.22
2024-01-15 08:04:05 LOGIN_FAILED user1 198.51.100.77
2024-01-15 08:04:08 LOGIN_FAILED user1 198.51.100.77
2024-01-15 08:04:11 LOGIN_FAILED admin 198.51.100.77
2024-01-15 08:05:00 LOGOUT admin 192.168.1.10
2024-01-15 08:06:00 LOGIN_SUCCESS root 10.0.0.5
2024-01-15 08:07:00 LOGIN_FAILED admin 45.33.32.156
2024-01-15 08:07:03 LOGIN_FAILED admin 45.33.32.156
2024-01-15 08:07:06 LOGIN_FAILED admin 45.33.32.156
2024-01-15 08:07:09 LOGIN_FAILED admin 45.33.32.156
2024-01-15 08:07:12 LOGIN_FAILED root 45.33.32.156
2024-01-15 08:07:15 LOGIN_FAILED root 45.33.32.156
2024-01-15 08:07:18 LOGIN_FAILED root 45.33.32.156
2024-01-15 08:07:21 LOGIN_FAILED root 45.33.32.156
2024-01-15 08:07:24 LOGIN_FAILED user2 45.33.32.156
2024-01-15 08:08:00 LOGIN_SUCCESS user2 192.168.1.33
2024-01-15 08:09:00 LOGIN_FAILED admin 91.108.4.200
2024-01-15 08:09:03 LOGIN_FAILED admin 91.108.4.200
2024-01-15 08:10:00 LOGIN_SUCCESS admin 192.168.1.10
2024-01-15 08:11:00 LOGOUT user1 192.168.1.22
2024-01-15 08:12:00 LOGIN_FAILED root 103.21.244.0